// Jest Snapshot v1, https://goo.gl/fbAQLP

exports[`TodoApp tests TodoApp component should render without errors 1`] = `
<div>
  <h1>
    Todo App (
    0
    )
  </h1>
  <hr />
  <div
    className="row"
  >
    <div
      className="col-7"
    >
      <TodoList
        handleDelete={[Function]}
        handleToggle={[Function]}
        todos={Array []}
      />
    </div>
    <div
      className="col-5"
    >
      <TodoForm
        handleAddTodo={[Function]}
      />
    </div>
  </div>
</div>
`;
