// Jest Snapshot v1, https://goo.gl/fbAQLP

exports[`Pruebas en <MultipleCustomHooks /> debe de mostrarse correctamente 1`] = `
<div>
  <h1>
    Braking Bad Quotes
  </h1>
  <hr />
  <div
    className="loading alert alert-info text-center"
  >
    Loading
  </div>
  <button
    className="btn btn-primary"
    onClick={[Function]}
  >
    Next
  </button>
</div>
`;
