// Jest Snapshot v1, https://goo.gl/fbAQLP

exports[`Pruebas en RealExampleRef Debe mostrarse correctamente 1`] = `
<div>
  <h1>
    RealExampRef
  </h1>
  <hr />
  <button
    className="btn btn-info"
    onClick={[Function]}
  >
    Show/Hide
  </button>
</div>
`;
