// Jest Snapshot v1, https://goo.gl/fbAQLP

exports[`Pruebas en el componente AppRouter debe de mostrar el componente correctamente 1`] = `
Array [
  <nav
    className="navbar navbar-expand-sm navbar-dark bg-dark"
  >
    <div
      className="container-fluid"
    >
      <a
        className="navbar-brand"
        href="/"
        onClick={[Function]}
      >
        useContext
      </a>
      <div
        className="collapse navbar-collapse"
        id="navbarNavAltMarkup"
      >
        <div
          className="navbar-nav"
        >
          <a
            aria-current="page"
            className="nav-link active"
            exact={true}
            href="/"
            onClick={[Function]}
          >
            Home
          </a>
          <a
            className="nav-link"
            exact={true}
            href="/about"
            onClick={[Function]}
          >
            About
          </a>
          <a
            className="nav-link"
            exact={true}
            href="/login"
            onClick={[Function]}
          >
            Login
          </a>
        </div>
      </div>
    </div>
  </nav>,
  <div
    className="container"
  >
    <div>
      <h1>
        Home Screen
      </h1>
      <hr />
      <pre>
        {
   "name": "Jorge",
   "email": "",
   "id": 2
}
      </pre>
    </div>
  </div>,
]
`;
