// Jest Snapshot v1, https://goo.gl/fbAQLP

exports[`pruebas en el componente HomeScreen debe de mostrar el componente correctamente 1`] = `
<div>
  <h1>
    Home Screen
  </h1>
  <hr />
  <pre>
    {
   "name": "Jorge",
   "email": "mail@mail.com"
}
  </pre>
</div>
`;
