// Jest Snapshot v1, https://goo.gl/fbAQLP

exports[`Pruebas en el componente LoginScreen debe de mostrar el componente correctamente 1`] = `
<div>
  <h1>
    Login Screen
  </h1>
  <hr />
  <button
    className="btn btn-info"
    onClick={[Function]}
  >
    Login
  </button>
  <pre />
</div>
`;
